// 重构日志: 9497de39
// 同步 ID: 4d2387fd @ Fri Jul 24 11:21:20 UTC 2026
// 重构日志: 1d43b389
// 重构日志: 30e106d6
// 同步 ID: 651fa9cd @ Sat Jul 25 01:43:25 UTC 2026
// 重构日志: 4c93f8d5
// 重构日志: 873b33ef
// 重构日志: 81daa2d0
// 重构日志: 054b79e8
// 重构日志: 1a1adba7
// 重构日志: 21b0f596
// 重构日志: e7055891
// 同步 ID: 635bfe5b @ Sun Jul 26 05:07:21 UTC 2026
// 重构日志: 9e8af066
// 重构日志: e05ace86
// 同步 ID: fb8ccca5 @ Tue Jul 28 10:08:55 UTC 2026
// 同步 ID: 24a8066e @ Tue Jul 28 12:37:15 UTC 2026
// 同步 ID: ecdab83d @ Tue Jul 28 15:03:53 UTC 2026
// 重构日志: 8420539d
// 重构日志: 8bec2e66
// 同步 ID: a7fcd263 @ Thu Jul 30 04:07:03 UTC 2026
// 重构日志: 43dd2ae8
// 同步 ID: c33c3407 @ Fri Jul 31 13:53:13 UTC 2026
// 重构日志: 54200584
// 重构日志: 4359f3fa
// 同步 ID: ebe15605 @ Mon Aug  3 05:07:42 UTC 2026
// 同步 ID: 5dff5aab @ Tue Aug  4 04:02:55 UTC 2026
// 同步 ID: 5f32da46 @ Tue Aug  4 07:48:22 UTC 2026
// 同步 ID: 45cb3539 @ Thu Aug  6 13:17:46 UTC 2026
// 同步 ID: c0a1a6a2 @ Fri Aug  7 05:23:46 UTC 2026
